X	Vega	exon	2934816	2935190	.	-	.	Name=OTTHUME00001604789;Parent=OTTHUMT00000055643
X	Vega	gene	2934816	2964270	.	-	.	ID=OTTHUMG00000137358;Name=OTTHUMG00000137358;biotype=protein_coding
X	Vega	transcript	2934816	2964270	.	-	.	ID=OTTHUMT00000055643;Name=OTTHUMT00000055643;Parent=OTTHUMG00000137358;biotype=protein_coding
X	Vega	CDS	2934832	2935190	.	-	.	Name=OTTHUMP00000022851;Parent=OTTHUMT00000055643
