chr20	76962	.	T	C	999	PASS	.
chr20	126310	.	ACC	A	999	PASS	.
chr20	138125	.	G	T	999	PASS	.
chr20	138148	.	C	T	999	PASS	.
chr20	271225	.	T	TTTA,TA	999	PASS	.
chr20	304568	.	C	T	999	PASS	.
chr20	620255100	.	AG	T	999	PASS	.
chr20	630255200	.	G	C	999	PASS	.
chr20	2147483647	.	A	T	999	PASS	.
