1	3000151	.	C	T	59.2	PASS	AN=4;AC=2	GT:DP:GQ	0/1:32:245	0/1:32:245
