2	3199812	.	G	GTT,GT	82.7	PASS	AN=4;AC=2,2	GT:GQ:DP	1/2:322:26	1/2:322:26
